ffmpeg version 7.1 Copyright (c) 2000-2024 the FFmpeg developers
  built with Apple clang version 13.1.6 (clang-1316.0.21.2.5)
  configuration: --prefix=/Volumes/tempdisk/sw --extra-cflags=-fno-stack-check --arch=arm64 --cc=/usr/bin/clang --enable-gpl --enable-libvmaf --enable-libopenjpeg --enable-libopus --enable-libmp3lame --enable-libx264 --enable-libx265 --enable-libvpx --enable-libwebp --enable-libass --enable-libfreetype --enable-fontconfig --enable-libtheora --enable-libvorbis --enable-libsnappy --enable-libaom --enable-libvidstab --enable-libzimg --enable-libsvtav1 --enable-libharfbuzz --enable-libkvazaar --pkg-config-flags=--static --enable-ffplay --enable-postproc --enable-neon --enable-runtime-cpudetect --disable-indev=qtkit --disable-indev=x11grab_xcb
  libavutil      59. 39.100 / 59. 39.100
  libavcodec     61. 19.100 / 61. 19.100
  libavformat    61.  7.100 / 61.  7.100
  libavdevice    61.  3.100 / 61.  3.100
  libavfilter    10.  4.100 / 10.  4.100
  libswscale      8.  3.100 /  8.  3.100
  libswresample   5.  3.100 /  5.  3.100
  libpostproc    58.  3.100 / 58.  3.100
Input #0, rawvideo, from 'fd:':
  Duration: N/A, start: 0.000000, bitrate: 1492992 kb/s
  Stream #0:0: Video: rawvideo (RGB[24] / 0x18424752), rgb24, 1920x1080, 1492992 kb/s, 30 tbr, 30 tbn
[aist#1:0/pcm_s16le @ 0x142704ed0] Guessed Channel Layout: stereo
Input #1, wav, from '/Users/tkhongsap/github/rai-workflow-platform-poc/media/demo-video/sound-design.wav':
  Duration: 00:00:30.00, bitrate: 1536 kb/s
  Stream #1:0: Audio: pcm_s16le ([1][0][0][0] / 0x0001), 48000 Hz, stereo, s16, 1536 kb/s
Stream mapping:
  Stream #0:0 -> #0:0 (rawvideo (native) -> h264 (libx264))
  Stream #1:0 -> #0:1 (pcm_s16le (native) -> aac (native))
[libx264 @ 0x15330d080] using cpu capabilities: ARMv8 NEON
[libx264 @ 0x15330d080] profile High, level 4.0, 4:2:0, 8-bit
[libx264 @ 0x15330d080] 264 - core 164 r3190 7ed753b - H.264/MPEG-4 AVC codec - Copyleft 2003-2024 - http://www.videolan.org/x264.html - options: cabac=1 ref=2 deblock=1:0:0 analyse=0x3:0x113 me=hex subme=6 psy=1 psy_rd=1.00:0.00 mixed_ref=1 me_range=16 chroma_me=1 trellis=1 8x8dct=1 cqm=0 deadzone=21,11 fast_pskip=1 chroma_qp_offset=-2 threads=27 lookahead_threads=4 sliced_threads=0 nr=0 decimate=1 interlaced=0 bluray_compat=0 constrained_intra=0 bframes=3 b_pyramid=2 b_adapt=1 b_bias=0 direct=1 weightb=1 open_gop=0 weightp=1 keyint=250 keyint_min=25 scenecut=40 intra_refresh=0 rc_lookahead=30 rc=crf mbtree=1 crf=18.0 qcomp=0.60 qpmin=0 qpmax=69 qpstep=4 ip_ratio=1.40 aq=1:1.00
Output #0, mp4, to '/Users/tkhongsap/github/rai-workflow-platform-poc/media/demo-video/true-rai-demo-30s.mp4':
  Metadata:
    encoder         : Lavf61.7.100
  Stream #0:0: Video: h264 (avc1 / 0x31637661), yuv420p(tv, progressive), 1920x1080, q=2-31, 30 fps, 15360 tbn
      Metadata:
        encoder         : Lavc61.19.100 libx264
      Side data:
        cpb: bitrate max/min/avg: 0/0/0 buffer size: 0 vbv_delay: N/A
  Stream #0:1: Audio: aac (LC) (mp4a / 0x6134706D), 48000 Hz, stereo, fltp, 160 kb/s
      Metadata:
        encoder         : Lavc61.19.100 aac
frame=    0 fps=0.0 q=0.0 size=       0KiB time=N/A bitrate=N/A speed=N/A
frame=    4 fps=4.0 q=24.0 size=       0KiB time=00:00:00.06 bitrate=   5.8kbits/s speed=0.0664x
frame=   22 fps= 15 q=24.0 size=       0KiB time=00:00:00.66 bitrate=   0.6kbits/s speed=0.443x
frame=   43 fps= 21 q=24.0 size=       0KiB time=00:00:01.36 bitrate=   0.3kbits/s speed=0.681x
frame=   64 fps= 26 q=24.0 size=       0KiB time=00:00:02.06 bitrate=   0.2kbits/s speed=0.823x
frame=   84 fps= 28 q=24.0 size=       0KiB time=00:00:02.73 bitrate=   0.1kbits/s speed=0.908x
frame=  101 fps= 29 q=24.0 size=     256KiB time=00:00:03.30 bitrate= 635.6kbits/s speed=0.939x
frame=  121 fps= 30 q=24.0 size=     256KiB time=00:00:03.96 bitrate= 528.8kbits/s speed=0.987x
frame=  142 fps= 31 q=24.0 size=     256KiB time=00:00:04.66 bitrate= 449.5kbits/s speed=1.03x
frame=  162 fps= 32 q=24.0 size=     256KiB time=00:00:05.33 bitrate= 393.3kbits/s speed=1.06x
frame=  182 fps= 33 q=24.0 size=     512KiB time=00:00:06.00 bitrate= 699.1kbits/s speed=1.09x
frame=  201 fps= 33 q=24.0 size=     768KiB time=00:00:06.63 bitrate= 948.5kbits/s speed= 1.1x
frame=  217 fps= 33 q=24.0 size=     768KiB time=00:00:07.16 bitrate= 877.9kbits/s speed= 1.1x
frame=  238 fps= 34 q=24.0 size=     768KiB time=00:00:07.86 bitrate= 799.8kbits/s speed=1.12x
frame=  258 fps= 34 q=24.0 size=    1024KiB time=00:00:08.53 bitrate= 983.1kbits/s speed=1.13x
frame=  279 fps= 35 q=24.0 size=    1280KiB time=00:00:09.23 bitrate=1135.7kbits/s speed=1.15x
frame=  300 fps= 35 q=24.0 size=    1280KiB time=00:00:09.93 bitrate=1055.7kbits/s speed=1.16x
frame=  318 fps= 35 q=24.0 size=    1536KiB time=00:00:10.53 bitrate=1194.6kbits/s speed=1.16x
frame=  341 fps= 36 q=24.0 size=    1536KiB time=00:00:11.30 bitrate=1113.6kbits/s speed=1.18x
frame=  364 fps= 36 q=24.0 size=    1792KiB time=00:00:12.06 bitrate=1216.6kbits/s speed= 1.2x
frame=  386 fps= 37 q=24.0 size=    1792KiB time=00:00:12.80 bitrate=1146.9kbits/s speed=1.21x
frame=  406 fps= 37 q=24.0 size=    2048KiB time=00:00:13.46 bitrate=1245.9kbits/s speed=1.22x
frame=  424 fps= 37 q=24.0 size=    2048KiB time=00:00:14.06 bitrate=1192.7kbits/s speed=1.22x
frame=  446 fps= 37 q=24.0 size=    2048KiB time=00:00:14.80 bitrate=1133.6kbits/s speed=1.23x
frame=  466 fps= 37 q=24.0 size=    2048KiB time=00:00:15.46 bitrate=1084.8kbits/s speed=1.23x
frame=  486 fps= 37 q=24.0 size=    2304KiB time=00:00:16.13 bitrate=1169.9kbits/s speed=1.23x
frame=  506 fps= 37 q=24.0 size=    2560KiB time=00:00:16.80 bitrate=1248.3kbits/s speed=1.24x
frame=  521 fps= 37 q=24.0 size=    2560KiB time=00:00:17.30 bitrate=1212.2kbits/s speed=1.23x
frame=  540 fps= 37 q=24.0 size=    2560KiB time=00:00:17.93 bitrate=1169.4kbits/s speed=1.23x
frame=  561 fps= 37 q=24.0 size=    2816KiB time=00:00:18.63 bitrate=1238.1kbits/s speed=1.23x
frame=  582 fps= 37 q=24.0 size=    3072KiB time=00:00:19.33 bitrate=1301.7kbits/s speed=1.24x
frame=  597 fps= 37 q=24.0 size=    3072KiB time=00:00:19.83 bitrate=1268.9kbits/s speed=1.23x
frame=  620 fps= 37 q=24.0 size=    3072KiB time=00:00:20.60 bitrate=1221.7kbits/s speed=1.24x
frame=  643 fps= 38 q=24.0 size=    3328KiB time=00:00:21.36 bitrate=1276.0kbits/s speed=1.25x
frame=  667 fps= 38 q=24.0 size=    3584KiB time=00:00:22.16 bitrate=1324.5kbits/s speed=1.26x
frame=  680 fps= 38 q=24.0 size=    3584KiB time=00:00:22.60 bitrate=1299.1kbits/s speed=1.25x
frame=  700 fps= 38 q=24.0 size=    3584KiB time=00:00:23.26 bitrate=1261.9kbits/s speed=1.25x
frame=  721 fps= 38 q=24.0 size=    3584KiB time=00:00:23.96 bitrate=1225.1kbits/s speed=1.25x
frame=  742 fps= 38 q=24.0 size=    3840KiB time=00:00:24.66 bitrate=1275.3kbits/s speed=1.26x
frame=  763 fps= 38 q=24.0 size=    4096KiB time=00:00:25.36 bitrate=1322.8kbits/s speed=1.26x
frame=  782 fps= 38 q=24.0 size=    4352KiB time=00:00:26.00 bitrate=1371.2kbits/s speed=1.26x
frame=  815 fps= 39 q=24.0 size=    4352KiB time=00:00:27.10 bitrate=1315.6kbits/s speed=1.28x
[mp4 @ 0x1427053d0] Starting second pass: moving the moov atom to the beginning of the file
[out#0/mp4 @ 0x142705230] video:4254KiB audio:577KiB subtitle:0KiB other streams:0KiB global headers:0KiB muxing overhead: 0.696289%
frame=  900 fps= 42 q=-1.0 Lsize=    4865KiB time=00:00:29.93 bitrate=1331.3kbits/s speed=1.39x
[libx264 @ 0x15330d080] frame I:4     Avg QP: 8.10  size:101946
[libx264 @ 0x15330d080] frame P:238   Avg QP:13.21  size: 13059
[libx264 @ 0x15330d080] frame B:658   Avg QP:15.13  size:  1276
[libx264 @ 0x15330d080] consecutive B-frames:  1.8%  1.6%  2.0% 94.7%
[libx264 @ 0x15330d080] mb I  I16..4: 56.9% 27.3% 15.8%
[libx264 @ 0x15330d080] mb P  I16..4:  3.8%  1.6%  0.8%  P16..4:  9.1%  3.0%  1.7%  0.0%  0.0%    skip:80.0%
[libx264 @ 0x15330d080] mb B  I16..4:  1.1%  0.1%  0.0%  B16..8:  5.8%  0.7%  0.0%  direct: 0.8%  skip:91.5%  L0:46.9% L1:42.8% BI:10.3%
[libx264 @ 0x15330d080] 8x8 transform intra:20.6% inter:47.2%
[libx264 @ 0x15330d080] coded y,uvDC,uvAC intra: 13.3% 12.4% 7.5% inter: 1.9% 1.1% 0.1%
[libx264 @ 0x15330d080] i16 v,h,dc,p: 39% 60%  1%  0%
[libx264 @ 0x15330d080] i8 v,h,dc,ddl,ddr,vr,hd,vl,hu: 27% 31% 36%  1%  1%  1%  1%  1%  2%
[libx264 @ 0x15330d080] i4 v,h,dc,ddl,ddr,vr,hd,vl,hu: 25% 38% 17%  2%  4%  3%  4%  3%  4%
[libx264 @ 0x15330d080] i8c dc,h,v,p: 60% 29% 10%  1%
[libx264 @ 0x15330d080] Weighted P-Frames: Y:4.2% UV:1.7%
[libx264 @ 0x15330d080] ref P L0: 70.6% 29.4%
[libx264 @ 0x15330d080] ref B L0: 83.1% 16.9%
[libx264 @ 0x15330d080] ref B L1: 92.6%  7.4%
[libx264 @ 0x15330d080] kb/s:1161.47
[aac @ 0x15330f8f0] Qavg: 14218.149
